  File: /home/user1
  Size: 174       	Blocks: 0          IO Block: 4096   directory
Device: 0,49	Inode: 3370        Links: 1
Access: (0700/drwx------)  Uid: ( 1234/   user1)   Gid: ( 1234/   user1)
Context: unconfined_u:object_r:user_home_dir_t:s0
Access: 2026-09-13 12:55:22.789087843 +0300
Modify: 2026-09-13 12:50:43.825924843 +0300
Change: 2026-09-13 12:50:43.825924843 +0300
 Birth: 2026-09-13 12:38:29.062201592 +0300
  File: /home/user1/mycat
  Size: 40696     	Blocks: 80         IO Block: 4096   regular file
Device: 0,49	Inode: 3392        Links: 1
Access: (4755/-rwsr-xr-x)  Uid: (    0/    root)   Gid: (    0/    root)
Context: unconfined_u:object_r:user_home_t:s0
Access: 2026-09-13 12:49:04.016035718 +0300
Modify: 2026-09-13 12:44:05.729426968 +0300
Change: 2026-09-13 12:46:01.556005658 +0300
 Birth: 2026-09-13 12:44:05.729426968 +0300
  File: /home/user1/mychown
  Size: 69984     	Blocks: 144        IO Block: 4096   regular file
Device: 0,49	Inode: 3413        Links: 1
Access: (0755/-rwxr-xr-x)  Uid: (    0/    root)   Gid: (    0/    root)
Context: unconfined_u:object_r:user_home_t:s0
Access: 2026-09-13 12:51:07.066317399 +0300
Modify: 2026-09-13 12:49:43.615329636 +0300
Change: 2026-09-13 12:50:02.602931257 +0300
 Birth: 2026-09-13 12:49:43.615329636 +0300
